#-----------------------------------------------------------
# Webtalk v2019.1 (64-bit)
# SW Build 2552052 on Fri May 24 14:49:42 MDT 2019
# IP Build 2548770 on Fri May 24 18:01:18 MDT 2019
# Start of session at: Wed Jul 23 20:44:28 2025
# Process ID: 4152
# Current directory: E:/courseproject_NCDC_cohort3/AXI2AHB_liteBridge/axi5_to_ahb5_lite_bridge/AXI5_to_AHB5_lite/AXI5_to_AHB5_lite.sim/sim_1/behav/xsim
# Command line: wbtcv.exe -mode batch -source E:/courseproject_NCDC_cohort3/AXI2AHB_liteBridge/axi5_to_ahb5_lite_bridge/AXI5_to_AHB5_lite/AXI5_to_AHB5_lite.sim/sim_1/behav/xsim/xsim.dir/axi5_to_ahb5_lite_TOP_TB_behav/webtalk/xsim_webtalk.tcl -notrace
# Log file: E:/courseproject_NCDC_cohort3/AXI2AHB_liteBridge/axi5_to_ahb5_lite_bridge/AXI5_to_AHB5_lite/AXI5_to_AHB5_lite.sim/sim_1/behav/xsim/webtalk.log
# Journal file: E:/courseproject_NCDC_cohort3/AXI2AHB_liteBridge/axi5_to_ahb5_lite_bridge/AXI5_to_AHB5_lite/AXI5_to_AHB5_lite.sim/sim_1/behav/xsim\webtalk.jou
#-----------------------------------------------------------
source E:/courseproject_NCDC_cohort3/AXI2AHB_liteBridge/axi5_to_ahb5_lite_bridge/AXI5_to_AHB5_lite/AXI5_to_AHB5_lite.sim/sim_1/behav/xsim/xsim.dir/axi5_to_ahb5_lite_TOP_TB_behav/webtalk/xsim_webtalk.tcl -notrace
