#-----------------------------------------------------------
# Vivado v2019.1 (64-bit)
# SW Build 2552052 on Fri May 24 14:49:42 MDT 2019
# IP Build 2548770 on Fri May 24 18:01:18 MDT 2019
# Start of session at: Wed Jul 23 20:41:02 2025
# Process ID: 10444
# Current directory: E:/courseproject_NCDC_cohort3/AXI2AHB_liteBridge/axi5_to_ahb5_lite_bridge/AXI5_to_AHB5_lite
# Command line: vivado.exe -gui_launcher_event rodinguilauncherevent12032 E:\courseproject_NCDC_cohort3\AXI2AHB_liteBridge\axi5_to_ahb5_lite_bridge\AXI5_to_AHB5_lite\AXI5_to_AHB5_lite.xpr
# Log file: E:/courseproject_NCDC_cohort3/AXI2AHB_liteBridge/axi5_to_ahb5_lite_bridge/AXI5_to_AHB5_lite/vivado.log
# Journal file: E:/courseproject_NCDC_cohort3/AXI2AHB_liteBridge/axi5_to_ahb5_lite_bridge/AXI5_to_AHB5_lite\vivado.jou
#-----------------------------------------------------------
start_gui
open_project E:/courseproject_NCDC_cohort3/AXI2AHB_liteBridge/axi5_to_ahb5_lite_bridge/AXI5_to_AHB5_lite/AXI5_to_AHB5_lite.xpr
update_compile_order -fileset sources_1
export_ip_user_files -of_objects  [get_files E:/courseproject_NCDC_cohort3/AXI2AHB_liteBridge/axi5_to_ahb5_lite_bridge/AXI5_to_AHB5_lite/AXI5_to_AHB5_lite.srcs/sim_1/new/tb_AXI5_to_AHB5_lite.sv] -no_script -reset -force -quiet
remove_files  -fileset sim_1 E:/courseproject_NCDC_cohort3/AXI2AHB_liteBridge/axi5_to_ahb5_lite_bridge/AXI5_to_AHB5_lite/AXI5_to_AHB5_lite.srcs/sim_1/new/tb_AXI5_to_AHB5_lite.sv
set_property SOURCE_SET sources_1 [get_filesets sim_1]
add_files -fileset sim_1 -norecurse E:/courseproject_NCDC_cohort3/AXI2AHB_liteBridge/axi5_to_ahb5_lite_bridge/AXI5_to_AHB5_lite/AXI5_to_AHB5_lite.srcs/sim_1/new/axi5_to_ahb5_lite_TOP_TB.sv
update_compile_order -fileset sim_1
update_compile_order -fileset sim_1
launch_simulation
source axi5_to_ahb5_lite_TOP_TB.tcl
close_sim
launch_simulation
source axi5_to_ahb5_lite_TOP_TB.tcl
set_property SOURCE_SET sources_1 [get_filesets sim_1]
add_files -fileset sim_1 -norecurse E:/courseproject_NCDC_cohort3/AXI2AHB_liteBridge/axi5_to_ahb5_lite_bridge/AXI5_to_AHB5_lite/axi5_to_ahb5_lite_TOP_TB_behav.wcfg
close_sim
launch_simulation
open_wave_config E:/courseproject_NCDC_cohort3/AXI2AHB_liteBridge/axi5_to_ahb5_lite_bridge/AXI5_to_AHB5_lite/axi5_to_ahb5_lite_TOP_TB_behav.wcfg
source axi5_to_ahb5_lite_TOP_TB.tcl
relaunch_sim
restart
run 150 ns
relaunch_sim
restart
run 150 ns
restart
run 100 ns
close_sim
set_property -name {xsim.simulate.log_all_signals} -value {true} -objects [get_filesets sim_1]
launch_simulation
open_wave_config E:/courseproject_NCDC_cohort3/AXI2AHB_liteBridge/axi5_to_ahb5_lite_bridge/AXI5_to_AHB5_lite/axi5_to_ahb5_lite_TOP_TB_behav.wcfg
source axi5_to_ahb5_lite_TOP_TB.tcl
run 100 ns
restart
run 100 ns
current_wave_config {axi5_to_ahb5_lite_TOP_TB_behav.wcfg}
add_wave {{/axi5_to_ahb5_lite_TOP_TB/dut/m_HTRANS}} 
restart
run 120 ns
run 120 ns
relaunch_sim
restart
run 120 ns
run 120 ns
run 120 ns
run 120 ns
restart
run 120 ns
run 20 ns
current_wave_config {axi5_to_ahb5_lite_TOP_TB_behav.wcfg}
add_wave {{/axi5_to_ahb5_lite_TOP_TB/dut/read_fsm_ahb_flag}} 
relaunch_sim
restart
run 120 ns
run 120 ns
run 120 ns
relaunch_sim
restart
run 120 ns
run 120 ns
save_wave_config {E:/courseproject_NCDC_cohort3/AXI2AHB_liteBridge/axi5_to_ahb5_lite_bridge/AXI5_to_AHB5_lite/axi5_to_ahb5_lite_TOP_TB_behav.wcfg}
close_sim
