#-----------------------------------------------------------
# Webtalk v2019.1 (64-bit)
# SW Build 2552052 on Fri May 24 14:49:42 MDT 2019
# IP Build 2548770 on Fri May 24 18:01:18 MDT 2019
# Start of session at: Mon Mar 24 15:07:50 2025
# Process ID: 2476
# Current directory: F:/Siddique_NCDC_content/DigitalLogicDesign_Module/DLD_LAB11_uart/uart_fd/uart_fd.sim/sim_1/behav/xsim
# Command line: wbtcv.exe -mode batch -source F:/Siddique_NCDC_content/DigitalLogicDesign_Module/DLD_LAB11_uart/uart_fd/uart_fd.sim/sim_1/behav/xsim/xsim.dir/top_uart_tb_behav/webtalk/xsim_webtalk.tcl -notrace
# Log file: F:/Siddique_NCDC_content/DigitalLogicDesign_Module/DLD_LAB11_uart/uart_fd/uart_fd.sim/sim_1/behav/xsim/webtalk.log
# Journal file: F:/Siddique_NCDC_content/DigitalLogicDesign_Module/DLD_LAB11_uart/uart_fd/uart_fd.sim/sim_1/behav/xsim\webtalk.jou
#-----------------------------------------------------------
source F:/Siddique_NCDC_content/DigitalLogicDesign_Module/DLD_LAB11_uart/uart_fd/uart_fd.sim/sim_1/behav/xsim/xsim.dir/top_uart_tb_behav/webtalk/xsim_webtalk.tcl -notrace
